// Vitest Snapshot v1, https://vitest.dev/guide/snapshot.html

exports[`inventário do projeto de demonstração > é determinístico 1`] = `"Net Revenue|Gross Margin|Orders|Average Ticket|Revenue Trend|Revenue Table|Region Filter|Average Ticket by Month|Orders narrative|Revenue by State|Revenue by Region|Gross Margin by Category"`;
